http://blog.csdn.net/rebel_yangke/article/details/60579006

root@tworkshop:# pwd
/home/gerrit2/review_site/bin
root@tworkshop:#

root@tworkshop:# htpasswd -c gerrit.htpasswd  libo1 libo1  新建一个文件为 gerrit.htpasswd ，后面增加新的用户名的时候不能使用-c的参数

root@tworkshop:# htpasswd -b gerrit.htpasswd  wuhou wuhou  增加一个时要使用 -b的参数增加






















    
Last login: Thu May  4 14:21:59 2017 from 10.200.255.225
lisx@tworkshop:~$ 
lisx@tworkshop:~$ ls
android_kk4.4.2_1.0.0         Desktop    Downloads               Music     Public  Templates
android_kk4.4.2_1.0.0.tar.gz  Documents  jdk-6u45-linux-x64.bin  Pictures  share   Videos
lisx@tworkshop:~$ cd Videos/
lisx@tworkshop:~/Videos$ ls
lisx@tworkshop:~/Videos$ ls -l
total 0
lisx@tworkshop:~/Videos$ cd ../Desktop/
lisx@tworkshop:~/Desktop$ ls
lisx@tworkshop:~/Desktop$ cd ..
lisx@tworkshop:~$ cd Downloads/
lisx@tworkshop:~/Downloads$ ls
lisx@tworkshop:~/Downloads$ ll
total 8
drwxr-xr-x  2 lisx lisx 4096 Aug 24  2016 ./
drwxr-xr-x 22 lisx lisx 4096 Nov  7  2016 ../
lisx@tworkshop:~/Downloads$ cd ..
lisx@tworkshop:~$ su root
Password: 
root@tworkshop:# ls
android_kk4.4.2_1.0.0         Desktop    Downloads               Music     Public  Templates
android_kk4.4.2_1.0.0.tar.gz  Documents  jdk-6u45-linux-x64.bin  Pictures  share   Videos
root@tworkshop:# clear






root@tworkshop:# ls
android_kk4.4.2_1.0.0         Desktop    Downloads               Music     Public  Templates
android_kk4.4.2_1.0.0.tar.gz  Documents  jdk-6u45-linux-x64.bin  Pictures  share   Videos
root@tworkshop:# cd
root@tworkshop:# ls
lisx_backup  samba-4.4.5  samba-4.4.5.tar.gz  smbshare  usb  userinformation
root@tworkshop:# exit
exit
lisx@tworkshop:~$ ls
android_kk4.4.2_1.0.0         Desktop    Downloads               Music     Public  Templates
android_kk4.4.2_1.0.0.tar.gz  Documents  jdk-6u45-linux-x64.bin  Pictures  share   Videos
lisx@tworkshop:~$ su android-123@10.200.13.100
No passwd entry for user 'android-123@10.200.13.100'
lisx@tworkshop:~$ su android-123
Password: 
su: Authentication failure
lisx@tworkshop:~$ su android-123
Password: 
android-123@tworkshop:$ ls
android_kk4.4.2_1.0.0         Desktop    Downloads               Music     Public  Templates
android_kk4.4.2_1.0.0.tar.gz  Documents  jdk-6u45-linux-x64.bin  Pictures  share   Videos
android-123@tworkshop:$ cd android_kk4.4.2_1.0.0/
android-123@tworkshop:$ ls
abi     bootable  dalvik       device  external    kernel_imx       Makefile  out       prebuilts  tools
art     build     developers   docs    frameworks  libcore          mk.sh     packages  sdk
bionic  cts       development  env.sh  hardware    libnativehelper  ndk       pdk       system
android-123@tworkshop:$ cd ..
android-123@tworkshop:$ ls
android_kk4.4.2_1.0.0         Desktop    Downloads               Music     Public  Templates
android_kk4.4.2_1.0.0.tar.gz  Documents  jdk-6u45-linux-x64.bin  Pictures  share   Videos
android-123@tworkshop:$ cd
android-123@tworkshop:$ ls
AndroidDLShare  android-kk4.4.3_2.0.0-ga  CT15  ct15update  update
android-123@tworkshop:$ ls
AndroidDLShare  android-kk4.4.3_2.0.0-ga  CT15  ct15update  update
android-123@tworkshop:$ 

android-123@tworkshop:$ 
android-123@tworkshop:$ 
android-123@tworkshop:$ cd android-kk4.4.3_2.0.0-ga/
android-123@tworkshop:$ 
android-123@tworkshop:$ 
android-123@tworkshop:$ ls
abi                            cts          frameworks       out
AndroidReadme.txt              dalvik       hardware         packages
art                            developers   interface        pdk
bionic                         development  kernel_imx       prebuilts
bootable                       device       libcore          sdk
build                          docs         libnativehelper  system
build.log                      env.sh       Makefile         tools
build_sabresd_6dq_android.log  external     ndk
android-123@tworkshop:$ 
android-123@tworkshop:$ 
android-123@tworkshop:$ ls -a
.                  build_sabresd_6dq_android.log  frameworks       packages
..                 cts                            hardware         pdk
abi                dalvik                         interface        prebuilts
AndroidReadme.txt  developers                     kernel_imx       .repo
art                development                    libcore          sdk
bionic             device                         libnativehelper  system
bootable           docs                           Makefile         tools
build              env.sh                         ndk
build.log          external                       out
android-123@tworkshop:$ cd
android-123@tworkshop:$ cd .,.
bash: cd: .,.: No such file or directory
android-123@tworkshop:$ cd .s
.ssh/        .subversion/ 
android-123@tworkshop:$ cd .ssh/
android-123@tworkshop:$ ls
authorized_keys  id_rsa  id_rsa.pub  known_hosts
android-123@tworkshop:$ cat id_rsa.pub 
ssh-rsa AAAAB3NzaC1yc2EAAAADAQABAAABAQCgNBC7EWJpxBChuJMZuEX6f15sb7qsSLdaP2P6CfXvu0yWd9EAMGHzoeQbiZIq96dMdv227QbMOkMfKBwOH4j/Y5QSmKMEGJanvYElfYaQMenoXEbM9nrjB1Z+UEab/szOpijI9UeFPTY/K4lJKKXSwM+aiIRyiLTmVNs0huypqw/scere9wD2qclgW52yXoSKgQ39IYP1REtB9xmfLOvibx+ld25okTvIgq/+Njrpmpp+FzPcy9a1jf5r9mhPSedY/x3ujVEutaKeJV8tGErL2Ht1hlhlwiNeOTyLdceRvZGs0+1JrsxOhoC74GVo2v6PcmesLbQYEVa+l+nJA7FZ android-123@tworkshop
android-123@tworkshop:$ su -
Password: 
su: Authentication failure
android-123@tworkshop:$ su -
Password: 
su: Authentication failure
android-123@tworkshop:$ su -
Password: 
root@tworkshop:# 
root@tworkshop:# 
root@tworkshop:# su android-123 
android-123@tworkshop:$ 
android-123@tworkshop:$ 
android-123@tworkshop:$ 
android-123@tworkshop:$ ls
ls: cannot open directory .: Permission denied
android-123@tworkshop:$ ls
ls: cannot open directory .: Permission denied
android-123@tworkshop:$ pwd
/root
android-123@tworkshop:$ cd
android-123@tworkshop:$ ls
AndroidDLShare  android-kk4.4.3_2.0.0-ga  CT15  ct15update  update
android-123@tworkshop:$ cd android-kk4.4.3_2.0.0-ga/
android-123@tworkshop:$ ls
abi                            cts          frameworks       out
AndroidReadme.txt              dalvik       hardware         packages
art                            developers   interface        pdk
bionic                         development  kernel_imx       prebuilts
bootable                       device       libcore          sdk
build                          docs         libnativehelper  system
build.log                      env.sh       Makefile         tools
build_sabresd_6dq_android.log  external     ndk
android-123@tworkshop:$ 
android-123@tworkshop:$ 
android-123@tworkshop:$ 
android-123@tworkshop:$ 
android-123@tworkshop:$ 
android-123@tworkshop:$ su -
Password: 
root@tworkshop:# 
root@tworkshop:# 
root@tworkshop:# pwd
/root
root@tworkshop:# cd 
root@tworkshop:# pwd
/root
root@tworkshop:# ls
lisx_backup  samba-4.4.5  samba-4.4.5.tar.gz  smbshare  usb  userinformation
root@tworkshop:# ls
lisx_backup  samba-4.4.5  samba-4.4.5.tar.gz  smbshare  usb  userinformation
root@tworkshop:# cd 
root@tworkshop:# ls
lisx_backup  samba-4.4.5  samba-4.4.5.tar.gz  smbshare  usb  userinformation
root@tworkshop:# cd /root/
.cache/            lisx_backup/       smbshare/          userinformation/
.cpan/             .oracle_jre_usage/ .ssh/              .vim/
.gerritcodereview/ samba-4.4.5/       usb/               
root@tworkshop:# cd /root/
.cache/            lisx_backup/       smbshare/          userinformation/
.cpan/             .oracle_jre_usage/ .ssh/              .vim/
.gerritcodereview/ samba-4.4.5/       usb/               
root@tworkshop:# cd /home/
android-123/ git/         lisx/        smbshare/    
gerrit2/     imx6-linux/  pulicdoc/    wanggang/    
root@tworkshop:# cd /home/gerrit2/
root@tworkshop:# ls
review_site
root@tworkshop:# cd review_site/
root@tworkshop:# ls
bin  cache  data  etc  git  index  lib  logs  plugins  static  tmp
root@tworkshop:# cd etc/
root@tworkshop:# ls
gerrit.config  mail  secure.config  ssh_host_key
root@tworkshop:# cd ../bin/
root@tworkshop:# ls
gerrit.htpasswd  gerrit.sh  gerrit.war
root@tworkshop:# vi gerrit.htpasswd 

  1 admin:$apr1$yrInAtIw$aMS9xJ2Ucrs.0DN3Mlmp.1
  2 hegang:$apr1$1IoxfLXi$tAy8BOTafCkzWxlay9qHI.
  3 yonghao:$apr1$Ez2Iht8H$hvbLp06dmi3F8hEG0N/X91
  4 tongshile:$apr1$DBMFZ7Xu$jHwPDIlKSqMISUfsk/iiY1
  5 zhouwenchao:$apr1$sdshZpTt$vmkVzBnlGrBe8YgWyMnoO1
  6 lishaoxiang:$apr1$bk2lvWTi$yJv1PzC/YUlmJ3f0HJtxb1
  7 shengpeipei:$apr1$3gaD2Sqr$qQ6d6WrY5K1sSnj5uTqaD1
  8 huzifeng:$apr1$w/PjNfg5$Ct5/CDEJZ7VUMKCdDCrPE/
  9 zhangzhiwei:$apr1$sBiutYAA$IGF/SgDZgFFvsnw6jTShq1
 10 qinzongguang:$apr1$5452MEJ9$JtYwqP8cudDPwpYM5Cme5.
 11 liumeihong:$apr1$RRoNdw3I$ewnSCNBcRNp1R/NBkdKMb/
 12 shipeifeng:$apr1$KlyUGRoq$tuSSdMnHs4Cz2a5G1SbLa1
 13 demo:$apr1$xMloiCsG$t0KutogMb0p7kirxiUifP1
~
~
~
~
~
~
~
~
~
~
"gerrit.htpasswd" 13L, 622C written
root@tworkshop:# 
root@tworkshop:# 
root@tworkshop:# 
root@tworkshop:# 
root@tworkshop:# 
root@tworkshop:# htpasswd -c gerrit.htpasswd  libo1
New password: 
Re-type new password: 
Adding password for user libo1
root@tworkshop:# vi gerrit.htpasswd 

  1 libo1:$apr1$6wj56pjh$GO18Ac5q3KuE.GwKd6bN7/
~
~
~
~
~
~
~
~
~
~
~
~
~
~
~
~
~
~
~
~
~
~
root@tworkshop:# 
root@tworkshop:# 
root@tworkshop:# 
root@tworkshop:# htpasswd -c gerrit.htpasswd  admin
New password: 
Re-type new password: 
Adding password for user admin
root@tworkshop:# vi gerrit.htpasswd 

  1 admin:$apr1$xjq15ENz$VsQCpToEgYMyGaMKFPV9.1
~
~
~
~
~
~
~
~
~
~
~
~
~
~
~
~
~
~
~
~
~
~
root@tworkshop:# htpasswd -b .passwd libo1 libo1
htpasswd: cannot modify file .passwd; use '-c' to create it
root@tworkshop:# vi gerrit.htpasswd 

  1 admin:$apr1$xjq15ENz$VsQCpToEgYMyGaMKFPV9.1
~
~
~
~
~
~
~
~
~
~
~
~
~
~
~
~
~
~
~
~
~
~
root@tworkshop:# htpasswd -bc .passwd libo1 libo1
Adding password for user libo1
root@tworkshop:# vi gerrit.htpasswd 

  1 admin:$apr1$xjq15ENz$VsQCpToEgYMyGaMKFPV9.1
~
~
~
~
~
~
~
~
~
~
~
~
~
~
~
~
~
~
~
~
~
~
root@tworkshop:# vi gerrit.htpasswd 

  1 admin:$apr1$xjq15ENz$VsQCpToEgYMyGaMKFPV9.1
~
~
~
~
~
~
~
~
~
~
~
~
~
~
~
~
~
~
~
~
~
~
root@tworkshop:# htpasswd -h
htpasswd: illegal option -- h
Usage:
        htpasswd [-cimBdpsDv] [-C cost] passwordfile username
        htpasswd -b[cmBdpsDv] [-C cost] passwordfile username password

        htpasswd -n[imBdps] [-C cost] username
        htpasswd -nb[mBdps] [-C cost] username password
 -c  Create a new file.
 -n  Don't update file; display results on stdout.
 -b  Use the password from the command line rather than prompting for it.
 -i  Read password from stdin without verification (for script usage).
 -m  Force MD5 encryption of the password (default).
 -B  Force bcrypt encryption of the password (very secure).
 -C  Set the computing time used for the bcrypt algorithm
     (higher is more secure but slower, default: 5, valid: 4 to 31).
 -d  Force CRYPT encryption of the password (8 chars max, insecure).
 -s  Force SHA encryption of the password (insecure).
 -p  Do not encrypt the password (plaintext, insecure).
 -D  Delete the specified user.
 -v  Verify password for the specified user.
On other systems than Windows and NetWare the '-p' flag will probably not work.
The SHA algorithm does not use a salt and is less secure than the MD5 algorithm.
root@tworkshop:# htpasswd -c gerrit.htpasswd  libo1 libo1
Usage:
        htpasswd [-cimBdpsDv] [-C cost] passwordfile username
        htpasswd -b[cmBdpsDv] [-C cost] passwordfile username password

        htpasswd -n[imBdps] [-C cost] username
        htpasswd -nb[mBdps] [-C cost] username password
 -c  Create a new file.
 -n  Don't update file; display results on stdout.
 -b  Use the password from the command line rather than prompting for it.
 -i  Read password from stdin without verification (for script usage).
 -m  Force MD5 encryption of the password (default).
 -B  Force bcrypt encryption of the password (very secure).
 -C  Set the computing time used for the bcrypt algorithm
     (higher is more secure but slower, default: 5, valid: 4 to 31).
 -d  Force CRYPT encryption of the password (8 chars max, insecure).
 -s  Force SHA encryption of the password (insecure).
 -p  Do not encrypt the password (plaintext, insecure).
 -D  Delete the specified user.
 -v  Verify password for the specified user.
On other systems than Windows and NetWare the '-p' flag will probably not work.
The SHA algorithm does not use a salt and is less secure than the MD5 algorithm.
root@tworkshop:# vi gerrit.htpasswd 

  1 admin:$apr1$xjq15ENz$VsQCpToEgYMyGaMKFPV9.1
~
~
~
~
~
~
~
~
~
~
~
~
~
~
~
~
~
~
~
~
~
~
root@tworkshop:# htpasswd -b gerrit.htpasswd  libo1 libo1
Adding password for user libo1
root@tworkshop:# cat gerrit.htpasswd 
admin:$apr1$xjq15ENz$VsQCpToEgYMyGaMKFPV9.1
libo1:$apr1$fK19Fr9.$j3gz22ItckjhDsi6/JMQT1
root@tworkshop:# htpasswd -b gerrit.htpasswd  zhangzhiwei zhangzhiwei
Adding password for user zhangzhiwei
root@tworkshop:# cat gerrit.htpasswd 
admin:$apr1$xjq15ENz$VsQCpToEgYMyGaMKFPV9.1
libo1:$apr1$fK19Fr9.$j3gz22ItckjhDsi6/JMQT1
zhangzhiwei:$apr1$A6QjjjSV$THqY/IBScj4NIh/9tL47L/
root@tworkshop:# htpasswd -b gerrit.htpasswd  hegang hegang
Adding password for user hegang
root@tworkshop:# htpasswd -b gerrit.htpasswd  lishaoxiang lishaoxiang
Adding password for user lishaoxiang
root@tworkshop:# htpasswd -b gerrit.htpasswd  zhouwenchao zhouwenchao
Adding password for user zhouwenchao
root@tworkshop:# htpasswd -b gerrit.htpasswd  huzifeng huzifeng
Adding password for user huzifeng
root@tworkshop:# htpasswd -b gerrit.htpasswd  yanchunhai yanchunhai
Adding password for user yanchunhai
root@tworkshop:# cat gerrit.htpasswd 
admin:$apr1$xjq15ENz$VsQCpToEgYMyGaMKFPV9.1
libo1:$apr1$fK19Fr9.$j3gz22ItckjhDsi6/JMQT1
zhangzhiwei:$apr1$A6QjjjSV$THqY/IBScj4NIh/9tL47L/
hegang:$apr1$8.YB.0fc$ntS3KmRXT11/mfhuImB2f.
lishaoxiang:$apr1$MXtOVXjK$mDIRUcwWV.4mEDRW6gQ340
zhouwenchao:$apr1$v3zfdJaC$xA9wqgAEadIb6/AMQWCqO.
huzifeng:$apr1$RIlptiO2$CcXqJZETRSVfWKvbgEfUf1
yanchunhai:$apr1$Ve7vNLQC$wSpE1lfds7eC4U3As6RPk.
root@tworkshop:# htpasswd -b gerrit.htpasswd  shipeifeng shipeifeng
Adding password for user shipeifeng
root@tworkshop:# htpasswd -b gerrit.htpasswd  tongshile tongshile
Adding password for user tongshile
root@tworkshop:# cat gerrit.htpasswd 
admin:$apr1$xjq15ENz$VsQCpToEgYMyGaMKFPV9.1
libo1:$apr1$fK19Fr9.$j3gz22ItckjhDsi6/JMQT1
zhangzhiwei:$apr1$A6QjjjSV$THqY/IBScj4NIh/9tL47L/
hegang:$apr1$8.YB.0fc$ntS3KmRXT11/mfhuImB2f.
lishaoxiang:$apr1$MXtOVXjK$mDIRUcwWV.4mEDRW6gQ340
zhouwenchao:$apr1$v3zfdJaC$xA9wqgAEadIb6/AMQWCqO.
huzifeng:$apr1$RIlptiO2$CcXqJZETRSVfWKvbgEfUf1
yanchunhai:$apr1$Ve7vNLQC$wSpE1lfds7eC4U3As6RPk.
shipeifeng:$apr1$ZJf8j0P0$mun6oMFg4q/9JVXZ5CTJn0
tongshile:$apr1$A7rFYiol$LTRBh2Oiz5ub6uIYHWVpp.
root@tworkshop:# htpasswd -b gerrit.htpasswd  shipeipei shipeipei
Adding password for user shipeipei
root@tworkshop:# htpasswd -b gerrit.htpasswd  wangyunpeng wangyunpeng
Adding password for user wangyunpeng
root@tworkshop:# htpasswd -b gerrit.htpasswd  yujing yujing
Adding password for user yujing
root@tworkshop:# htpasswd -b gerrit.htpasswd  chencheng chencheng
Adding password for user chencheng
root@tworkshop:# htpasswd -b gerrit.htpasswd  qinzongguang qinzongguang
Adding password for user qinzongguang
root@tworkshop:# htpasswd -b gerrit.htpasswd  wuhou wuhou
Adding password for user wuhou
root@tworkshop:# cat gerrit.htpasswd 
admin:$apr1$xjq15ENz$VsQCpToEgYMyGaMKFPV9.1
libo1:$apr1$fK19Fr9.$j3gz22ItckjhDsi6/JMQT1
zhangzhiwei:$apr1$A6QjjjSV$THqY/IBScj4NIh/9tL47L/
hegang:$apr1$8.YB.0fc$ntS3KmRXT11/mfhuImB2f.
lishaoxiang:$apr1$MXtOVXjK$mDIRUcwWV.4mEDRW6gQ340
zhouwenchao:$apr1$v3zfdJaC$xA9wqgAEadIb6/AMQWCqO.
huzifeng:$apr1$RIlptiO2$CcXqJZETRSVfWKvbgEfUf1
yanchunhai:$apr1$Ve7vNLQC$wSpE1lfds7eC4U3As6RPk.
shipeifeng:$apr1$ZJf8j0P0$mun6oMFg4q/9JVXZ5CTJn0
tongshile:$apr1$A7rFYiol$LTRBh2Oiz5ub6uIYHWVpp.
shipeipei:$apr1$wXCP3F64$Zx4WtaJzw6fwknTlPZNed/
wangyunpeng:$apr1$GxpziCLI$pyDZKEsIKs4zAydktXAQa0
yujing:$apr1$QPf2nW2i$8p1sbnjzMfL6c9IKzdjmv1
chencheng:$apr1$LIesoL.b$h4P6gIRSKDg.YSuybqhBR0
qinzongguang:$apr1$gsT17Yq7$xzAnKmFtmF9DKQK9P0sad1
wuhou:$apr1$Ust58yzb$tFs.eVEqrr2KgX.ywtV1N0
root@tworkshop:# cat gerrit.htpasswd 
admin:$apr1$xjq15ENz$VsQCpToEgYMyGaMKFPV9.1
libo1:$apr1$fK19Fr9.$j3gz22ItckjhDsi6/JMQT1
zhangzhiwei:$apr1$A6QjjjSV$THqY/IBScj4NIh/9tL47L/
hegang:$apr1$8.YB.0fc$ntS3KmRXT11/mfhuImB2f.
lishaoxiang:$apr1$MXtOVXjK$mDIRUcwWV.4mEDRW6gQ340
zhouwenchao:$apr1$v3zfdJaC$xA9wqgAEadIb6/AMQWCqO.
huzifeng:$apr1$RIlptiO2$CcXqJZETRSVfWKvbgEfUf1
yanchunhai:$apr1$Ve7vNLQC$wSpE1lfds7eC4U3As6RPk.
shipeifeng:$apr1$ZJf8j0P0$mun6oMFg4q/9JVXZ5CTJn0
tongshile:$apr1$A7rFYiol$LTRBh2Oiz5ub6uIYHWVpp.
shipeipei:$apr1$wXCP3F64$Zx4WtaJzw6fwknTlPZNed/
wangyunpeng:$apr1$GxpziCLI$pyDZKEsIKs4zAydktXAQa0
yujing:$apr1$QPf2nW2i$8p1sbnjzMfL6c9IKzdjmv1
chencheng:$apr1$LIesoL.b$h4P6gIRSKDg.YSuybqhBR0
qinzongguang:$apr1$gsT17Yq7$xzAnKmFtmF9DKQK9P0sad1
wuhou:$apr1$Ust58yzb$tFs.eVEqrr2KgX.ywtV1N0
root@tworkshop:# 
root@tworkshop:# 
root@tworkshop:# pwd
/home/gerrit2/review_site/bin
root@tworkshop:# 